[1]: putOrIncrement(4) called
[1]: containsKey(4) called, trying to acquire lock
[2]: putOrDecrement(4) called
[2]: containsKey(4) called, trying to acquire lock
[2]: acquired lock, returning false
[2]: map does not contain 4, trying to acquire lock
[1]: acquired lock, returning false
[1]: map does not contain 4, trying to acquire lock
[2]: acquired lock, adding to map
[1]: acquired lock, adding to map
