[1]: Started.
[2]: Started. Calling non-thread join.
[2]: Static join call success.
