[0]: doSort([6, 2, 8], 0, 2) called
[2]: doSort([6, 2, 8], 2, 2) called
[2]: doSort([6, 2, 8], 2, 2) done
[1]: doSort([6, 2, 8], 0, 1) called
[3]: doSort([6, 2, 8], 0, 0) called
[3]: doSort([6, 2, 8], 0, 0) done
[4]: doSort([6, 2, 8], 1, 1) called
[4]: doSort([6, 2, 8], 1, 1) done
[1]: Calling merge([6, 2, 8], 0, 0, 1)
[1]: Trying to sync on MSLOCK
[1]: Syncd on MSLOCK
[1]: Trying to sync on MSLOCK
[1]: Syncd on MSLOCK
[1]: doSort([2, 6, 8], 0, 1) done
[0]: Calling merge([2, 6, 8], 0, 1, 2)
[0]: Trying to sync on MSLOCK
[0]: Syncd on MSLOCK
[0]: Trying to sync on MSLOCK
[0]: Syncd on MSLOCK
[0]: doSort([2, 6, 8], 0, 2) done
