[1]: [t1]: Locking (1)
[2]: [t2]: Locking (1)
[2]: [t2]: Locked (1)
[2]: [t2]: Locking (2)
[2]: [t2]: Locked (2)
[2]: [t2]: Unlocking (1)
[2]: [t2]: Unlocked (1)
[2]: [t2]: Unlocking (2)
[2]: [t2]: Unlocked (2)
[2]: [t2]: Locking (3)
[2]: [t2]: Locked (3)
[2]: [t2]: Locking (4)
[2]: [t2]: Locked (4)
[2]: [t2]: Unlocking (3)
[2]: [t2]: Unlocked (3)
[2]: [t2]: Unlocking (4)
[2]: [t2]: Unlocked (4)
[1]: [t1]: Locked (1)
[1]: [t1]: Locking (2)
[1]: [t1]: Locked (2)
[1]: [t1]: Unlocking (1)
[1]: [t1]: Unlocked (1)
[1]: [t1]: Unlocking (2)
[1]: [t1]: Unlocked (2)
[1]: [t1]: Locking (3)
[1]: [t1]: Locked (3)
[1]: [t1]: Locking (4)
[1]: [t1]: Locked (4)
[1]: [t1]: Unlocking (3)
[1]: [t1]: Unlocked (3)
[1]: [t1]: Unlocking (4)
[1]: [t1]: Unlocked (4)
