[1]: [t1]: Trying to sync on KEY (1)
[2]: [t2]: Trying to sync on KEY (1)
[2]: [t2]: Syncd on KEY (1)
[2]: [t2]: Trying to sync on KEY (2)
[2]: [t2]: Syncd on KEY (2)
[2]: [t2]: Trying to sync on KEY (3)
[2]: [t2]: Syncd on KEY (3)
[2]: [t2]: Trying to sync on KEY (4)
[2]: [t2]: Syncd on KEY (4)
[1]: [t1]: Syncd on KEY (1)
[1]: [t1]: Trying to sync on KEY (2)
[1]: [t1]: Syncd on KEY (2)
[1]: [t1]: Trying to sync on KEY (3)
[1]: [t1]: Syncd on KEY (3)
[1]: [t1]: Trying to sync on KEY (4)
[1]: [t1]: Syncd on KEY (4)
