[2]: local = volatile_pub
[1]: local = volatile_pub
[2]: local -= input
[2]: volatile_pub = local
[1]: local += input
[1]: volatile_pub = local
[2]: done.
[1]: done.
